// Jest Snapshot v1, https://goo.gl/fbAQLP

exports[`renders to match the test 1`] = `
<section className="home-section">
    <h2 className="home-title">Welcome to our page!</h2>
    <p className="home-content1">
      A Calculator is an electronic hardware device or software capable of
      performing mathematical calculations, such as addition, multiplication,
      subtraction, or division.
    </p>
    <p className="home-content2">
      Examples of calculator in a Sentence Recent Examples on the Web To see the
      difference made when focusing on high interest debt, check out our
      DebtBlaster calculator. — Cyrus Purnell, Forbes, 2 May 2022 Qantas said
      100% of emissions from its scenic excursions were offset, while EVA Air
      invited passengers to offset emissions via its carbon calculator. —
      Francesca Street, CNN, 26 Jan. 2022 Using an estimate that fraud typically
      amounts to 7% of big spending programs, Mr. Devaney pulled out his
      calculator and found that would amount to $55 billion in the case of a
      $787 billion stimulus plan. — James R. Hagerty, WSJ, 12 May 2022 And your
      calculator may break when comparing slugging (down 15%), runs (-16%) and
      home runs (-35%) from the record-smashing 2019 season. — Gabe Lacques, USA
      TODAY, 27 Apr. 2022
    </p>
  </section>
`;