// Jest Snapshot v1, https://goo.gl/fbAQLP

exports[`renders to match the snapshot 1`] = `
<section className="home-section quote" id="quote">
    <h2 className="quote-title">Quote</h2>
    <p>
      "Electronic calculators can solve problems which the man who made them
      cannot solve; but no government-subsidized commission of engineers and
      physicists could create a worm." - "Joseph Wood Krutch"
    </p>
  </section>
`;