// Jest Snapshot v1, https://goo.gl/fbAQLP

exports[`renders when there is item 1`] = `
<header
  className="navbar"
>
  <h1>
     Math Magicians 
  </h1>
  <div
    className="links"
  >
    <a
      className="link-item"
      href="/"
    >
      Home
    </a>
    <a
      className="link-item"
      href="/calculator"
    >
      Calculator
    </a>
    <a
      className="link-item"
      href="/quote"
    >
      Quote
    </a>
  </div>
</header>
`;
