// Jest Snapshot v1, https://goo.gl/fbAQLP

exports[`renders correctly 1`] = `
<div
  style={
    Object {
      "fontFamily": "Poppins",
      "letterSpacing": "1px",
      "margin": "0 auto",
      "width": "54rem",
    }
  }
>
  <h1
    style={
      Object {
        "color": "#071e22",
      }
    }
  >
    Welcome to our page
  </h1>
  <p>
    Lorem ipsum dolor sit amet, consectetur adipisicing elit. Blanditiis deserunt veniam sit maxime minus beatae itaque exercitationem molestiae soluta. Alias amet saepe dignissimos facere cupiditate earum excepturi ut doloremque officiis!
  </p>
  <p>
    Lorem ipsum dolor sit amet consectetur adipisicing elit. At, accusantium! Perferendis, eveniet assumenda aspernatur facilis vel voluptas asperiores! Magnam commodi blanditiis odit et est accusamus veniam possimus totam doloremque ea!
  </p>
</div>
`;
