// Jest Snapshot v1, https://goo.gl/fbAQLP

exports[`renders correctly 1`] = `
Array [
  <blockquote
    cite="https://www.prodigygame.com/main-en/blog/math-quotes/"
  >
    <h2
      style={
        Object {
          "color": "#679289",
          "fontFamily": "Poppins",
          "margin": "0 auto",
          "width": "54rem",
        }
      }
    >
      Mathematics is not about numbers, Equations, computations, or algorithims: its about understanding
    </h2>
  </blockquote>,
  <h3
    style={
      Object {
        "fontFamily": "Poppins",
        "margin": "0 auto",
        "width": "54rem",
      }
    }
  >
    <strong>
      William Paul Thompson
    </strong>
  </h3>,
]
`;
